[backblue.gif]
[fade.gif]
[index.html]
[mahaegram.co.in/assets/img/favicon.png]
[mahaegram.co.in/assets/js/jquery-latest.js]
[mahaegram.co.in/assets/js/custom.js]
[mahaegram.co.in/Home/Theme/js/language-swich.js]
[translate.google.com/translate_a/elementa0d8.js]
[mahaegram.co.in/Home/Theme/js/lang.js]
[mahaegram.co.in/assets/img/icon.png]
[mahaegram.co.in/assets/img/iso1-blur.png]
[mahaegram.co.in/assets/img/Star-blur.png]
[mahaegram.co.in/RDDIMAGES/Nagpur.jpg]
[mahaegram.co.in/assets/img/video-message.png]
[mh.gov2egov.com/PANINDIADOCS/MemberProfilePhoto/Profile_59605_180205.jpg]
[mahaegram.co.in/assets/img/ID-pic.jpg]
[mahaegram.co.in/assets/img/shape1.png]
[mahaegram.co.in/assets/img/shape2.png]
[mahaegram.co.in/assets/img/shape3.png]
[mahaegram.co.in/assets/img/shape4.png]
[mahaegram.co.in/assets/img/group.png]
[mahaegram.co.in/assets/img/man.png]
[mahaegram.co.in/assets/img/woman.png]
[mahaegram.co.in/assets/img/work1.jpg]
[mahaegram.co.in/assets/img/work2.jpg]
[mahaegram.co.in/images/PanchayatRajNew.png]
[mahaegram.co.in/assets/img/e-gramsoft.jpg]
[mahaegram.co.in/assets/img/Digital-seva.jpg]
[mahaegram.co.in/assets/img/gramvikas.jpg]
[mahaegram.co.in/assets/img/mnrega-logo.png]
[mahaegram.co.in/assets/img/swacha_bharta_mission.png]
[mahaegram.co.in/assets/img/PMAY.png]
[mh.gov2egov.com/PANINDIADOCS/GPSabhaPhoto/GramSabha_180205.jpg]
[mh.gov2egov.com/PANINDIADOCS/GPSabhaPhoto/MahilaSabha_180205.jpg]
[mh.gov2egov.com/PANINDIADOCS/GPSabhaPhoto/MasikSabha_180205.jpg]
[mh.gov2egov.com/PANINDIADOCS/GPSabhaPhoto/PrabhagSabha_180205.jpg]
[mahaegram.co.in/images/gpdp_app.png]
[mahaegram.co.in/images/Rural-dept.png]
[mahaegram.co.in/images/Antyodaya.png]
[mahaegram.co.in/images/Panchyatraj-weblink.png]
[mahaegram.co.in/images/egramswaraj-weblink.png]
[mahaegram.co.in/images/grammanchitra.png]
[mahaegram.co.in/images/gpdp2.png]
[mahaegram.co.in/images/gram-sabha.png]
[mahaegram.co.in/images/pfms.png]
[mahaegram.co.in/images/cf.png]
[mahaegram.co.in/images/GEM.png]
[mahaegram.co.in/images/AM.png]
[mahaegram.co.in/images/MahaeGram.png]
[mahaegram.co.in/assets/js/slick-linklogo.js]
[mahaegram.co.in/assets/vendor/aos/aos.js]
[mahaegram.co.in/assets/vendor/bootstrap/js/bootstrap.bundle.min.js]
[mahaegram.co.in/assets/vendor/glightbox/js/glightbox.min.js]
[mahaegram.co.in/assets/vendor/isotope-layout/isotope.pkgd.min.js]
[mahaegram.co.in/assets/vendor/php-email-form/validate.js]
[mahaegram.co.in/assets/vendor/purecounter/purecounter.js]
[mahaegram.co.in/assets/vendor/swiper/swiper-bundle.min.js]
[mahaegram.co.in/assets/vendor/waypoints/noframework.waypoints.js]
[mahaegram.co.in/assets/js/language-swich.js]
[mahaegram.co.in/assets/js/main.js]
[mahaegram.co.in/GeneralPages/GrampanchayatForm864c.html]
[mahaegram.co.in/assets/vendor/aos/aos.css]
[mahaegram.co.in/assets/vendor/bootstrap/css/bootstrap.min.css]
[mahaegram.co.in/assets/vendor/bootstrap-icons/fonts/bootstrap-iconse36a.woff2]
[mahaegram.co.in/assets/vendor/bootstrap-icons/fonts/bootstrap-iconse36a.woff]
[mahaegram.co.in/assets/vendor/bootstrap-icons/bootstrap-icons.css]
[mahaegram.co.in/assets/vendor/boxicons/css/boxicons.min.css]
[mahaegram.co.in/assets/vendor/glightbox/css/glightbox.min.css]
[mahaegram.co.in/assets/vendor/swiper/swiper-bundle.min.css]
[mahaegram.co.in/assets/img/hero-bg.jpg]
[mahaegram.co.in/assets/img/cmmi-development.jpg]
[mahaegram.co.in/assets/img/bg-noise.png]
[mahaegram.co.in/assets/css/style.css]
[mahaegram.co.in/assets/img/wprev.png]
[mahaegram.co.in/assets/img/prev.png]
[mahaegram.co.in/assets/img/wnext.png]
[mahaegram.co.in/assets/img/next.png]
[mahaegram.co.in/assets/css/slick-theme.css]
[mahaegram.co.in/assets/css/slick.css]
[mahaegram.co.in/images/favicon.png]
[mahaegram.co.in/css/bootstrap.min.css]
[mahaegram.co.in/css/style.css]
[mahaegram.co.in/css/owl.carousel.min.css]
[mahaegram.co.in/css/slick-theme.css]
[mahaegram.co.in/css/resources-style.css]
[mahaegram.co.in/css/font-awesome.min.css]
[mahaegram.co.in/images/maharsahtra-shashan.png]
[ajax.googleapis.com/ajax/libs/jquery/2.1.4/jquery.min.js]
[mahaegram.co.in/images/email1.png]
[mahaegram.co.in/images/datadigitization.png]
[mahaegram.co.in/images/grievanceIcon.png]
[mahaegram.co.in/images/citizen.png]
[mahaegram.co.in/images/servicedelivered.png]
[mahaegram.co.in/images/located.png]
[mahaegram.co.in/images/AS.png]
[mahaegram.co.in/images/mahila_v_bal_vikas.png]
[mahaegram.co.in/images/swacha_bharta_mission.png]
[mahaegram.co.in/images/panchyatraj.jpg]
[mahaegram.co.in/images/mnrega-logo.png]
[mahaegram.co.in/images/PMAY.png]
[mahaegram.co.in/images/thumbnail_BasicAmenties.jpg]
[mahaegram.co.in/images/thumbnail_Mahiti.png]
[mahaegram.co.in/images/VerifyCertificate.jpg]
[mahaegram.co.in/images/AppTrack.jpg]
[mahaegram.co.in/images/mrdd.png]
[mahaegram.co.in/images/npp.png]
[mahaegram.co.in/images/sp.png]
[mahaegram.co.in/images/bdr.png]
[mahaegram.co.in/images/ds.png]
[mahaegram.co.in/images/mahaonegov 1.png]
[mahaegram.co.in/images/report/ASSK-Report-January-2021.jpg]
[mahaegram.co.in/images/report/ASSK_Report-February_2021-1.jpg]
[mahaegram.co.in/images/report/ASSK-Report-March-2021.jpg]
[mahaegram.co.in/images/report/ASSK-Report-April-2021.jpg]
[mahaegram.co.in/images/report/ASSK-Report-May-2021.jpg]
[mahaegram.co.in/images/report/ASSK-Report-June-2021.jpg]
[mahaegram.co.in/images/report/ASSK-Report-July-2021.jpg]
[mahaegram.co.in/images/report/ASSK-Report-August-2021.jpg]
[mahaegram.co.in/images/report/ASSK-Report-September-2021.jpg]
[mahaegram.co.in/images/report/ASSK-Report-October-2021.jpg]
[mahaegram.co.in/images/report/ASSK_Report.jpg]
[mahaegram.co.in/images/report/ASSK_Report_January_2022.jpg]
[mahaegram.co.in/images/report/ASSK_Report-February_2022.jpg]
[mahaegram.co.in/images/report/ASSK_Report-March_2022.jpg]
[mahaegram.co.in/images/report/ASSK_Report-April_2022.jpg]
[mahaegram.co.in/images/report/ASSK_Report-May_2022.jpg]
[mahaegram.co.in/images/report/ASSK_Report-June_20221.jpg]
[mahaegram.co.in/images/report/ASSK_Report-July_2022.jpg]
[mahaegram.co.in/images/report/ASSK_Report-August_2022.jpg]
[mahaegram.co.in/images/report/ASSK_Report-September_2022.jpg]
[mahaegram.co.in/images/report/ASSK_Report-October_2022.jpg]
[mahaegram.co.in/images/report/ASSK_Report-November_2022.jpg]
[mahaegram.co.in/images/report/ASSK_Report-December_2022.jpg]
[mahaegram.co.in/images/report/ASSK_Report-January_2023.jpg]
[mahaegram.co.in/images/report/ASSK_Report-February_2023.jpg]
[mahaegram.co.in/images/report/ASSK_Report-March_2023.jpg]
[mahaegram.co.in/images/report/ASSK_Report-April_2023.jpg]
[mahaegram.co.in/images/report/ASSK_Report-May_2023.jpg]
[mahaegram.co.in/images/report/ASSK_Report-June_2023.jpg]
[mahaegram.co.in/images/report/ASSK_Report-July_2023.jpg]
[mahaegram.co.in/images/report/ASSK_Report-August_2023.jpg]
[mahaegram.co.in/images/report/ASSK_Report-September_2023.jpg]
[mahaegram.co.in/images/report/ASSK_Report-October_2023.jpg]
[mahaegram.co.in/images/report/ASSK_Report-November_2023.jpg]
[mahaegram.co.in/images/report/ASSK_Report-December_2023.jpg]
[mahaegram.co.in/images/report/ASSK_Report-January_2024.jpg]
[mahaegram.co.in/images/report/ASSK_Report-February_2024.jpg]
[mahaegram.co.in/glightbox/glightbox.min.js]
[mahaegram.co.in/glightbox/isotope.pkgd.min.js]
[mahaegram.co.in/glightbox/swiper-bundle.min.js]
[mahaegram.co.in/glightbox/main.js]
[mahaegram.co.in/js/purecounter.js]
[mahaegram.co.in/js/jquery-3.3.1.min.js]
[mahaegram.co.in/js/popper.min.js]
[mahaegram.co.in/js/bootstrap.min.js]
[mahaegram.co.in/js/owl.carousel.min.js]
[mahaegram.co.in/js/main.js]
[mahaegram.co.in/js/slick-linklogo.js]
[mahaegram.co.in/GeneralPages/Home.html]
[mahaegram.co.in/https_/stackpath.bootstrapcdn.com/bootstrap/4.5.0/js/bootstrap.min.html]
[mahaegram.co.in/js/jquery-3.2.1.min.html]
[mahaegram.co.in/js/jquery.easing.min.html]
[mahaegram.co.in/assets/img/testimonials-bg.html]
[mahaegram.co.in/css/bootstrap.min.css]
[mahaegram.co.in/images/pattern-line.png]
[mahaegram.co.in/css/style.css]
[mahaegram.co.in/css/owl.carousel.min.css]
[mahaegram.co.in/css/slick.css]
[mahaegram.co.in/images/prev.png]
[mahaegram.co.in/images/next.png]
[mahaegram.co.in/css/slick-theme.css]
[mahaegram.co.in/css/resources-style.css]
[mahaegram.co.in/css/font-awesome.min.css]
[mahaegram.co.in/GeneralPages/AboutUs.html]
[mahaegram.co.in/images/maps.png]
[mahaegram.co.in/images/email.png]
[mahaegram.co.in/images/phone.png]
[mahaegram.co.in/GeneralPages/contactus.html]
[ajax.googleapis.com/ajax/libs/jquery/3.6.0/jquery.min.js]
[mahaegram.co.in/images/tapal-bg.jpg]
[mahaegram.co.in/images/PDF.png]
[mahaegram.co.in/GeneralPages/PostalService.html]
[mahaegram.co.in/GeneralPages/tapal-seva.html]
[mahaegram.co.in/images/div_map.jpg]
[mahaegram.co.in/GeneralPages/districtInfoTreeStructure.html]
[mahaegram.co.in/GeneralPages/AsskLocator.html]
[mahaegram.co.in/GeneralPages/AapleSarkarDashboard.html]
[mahaegram.co.in/GeneralPages/MahilabalvikasvibhagDashboard.html]
[mahaegram.co.in/GeneralPages/SwachhbharatmissionDashboard.html]
[mahaegram.co.in/GeneralPages/PanchayatirajDashboard.html]
[mahaegram.co.in/GeneralPages/MgnregaDashboard.html]
[mahaegram.co.in/GeneralPages/PradhanmantriawasyojnaDashboard.html]
[mahaegram.co.in/GeneralPages/BasicamenetiesDashboard.html]
[mahaegram.co.in/glightbox/glightbox.min.css]
[mahaegram.co.in/glightbox/glightbox.css]
[mahaegram.co.in/js/slick.min.html]
[mahaegram.co.in/css/owl.video.play.html]
[mahaegram.co.in/staging/resources/index/img/ebooks/ebook1-tmp.html]
[mahaegram.co.in/staging/resources/index/img/ebooks/ebook2-sdg.html]
[mahaegram.co.in/GeneralPages/SDGInfo.html]
[mahaegram.co.in/css/searchicon.html]
[mahaegram.co.in/GeneralPages/DistrictInformationfec5.html]
[mahaegram.co.in/GeneralPages/DistrictInformationd91d.html]
[mahaegram.co.in/GeneralPages/DistrictInformation0b63.html]
[mahaegram.co.in/GeneralPages/DistrictInformation7b27.html]
[mahaegram.co.in/GeneralPages/DistrictInformationd313.html]
[mahaegram.co.in/GeneralPages/DistrictInformation31fc.html]
[mahaegram.co.in/GeneralPages/DistrictInformationda8c.html]
[mahaegram.co.in/GeneralPages/DistrictInformation7473.html]
[mahaegram.co.in/GeneralPages/DistrictInformationa6a3.html]
[mahaegram.co.in/GeneralPages/DistrictInformationb170.html]
[mahaegram.co.in/GeneralPages/DistrictInformation266b.html]
[mahaegram.co.in/GeneralPages/DistrictInformationcc07.html]
[mahaegram.co.in/GeneralPages/DistrictInformationc2dd.html]
[mahaegram.co.in/GeneralPages/DistrictInformatione899.html]
[mahaegram.co.in/GeneralPages/DistrictInformation6bda.html]
[mahaegram.co.in/GeneralPages/DistrictInformationcaf5.html]
[mahaegram.co.in/GeneralPages/DistrictInformationbc1e.html]
[mahaegram.co.in/GeneralPages/DistrictInformation3f0f.html]
[mahaegram.co.in/GeneralPages/DistrictInformation6038.html]
[mahaegram.co.in/GeneralPages/DistrictInformation6911.html]
[mahaegram.co.in/GeneralPages/DistrictInformationf721.html]
[mahaegram.co.in/GeneralPages/DistrictInformation9eaf.html]
[mahaegram.co.in/GeneralPages/DistrictInformatione88e.html]
[mahaegram.co.in/GeneralPages/DistrictInformation5046.html]
[mahaegram.co.in/GeneralPages/DistrictInformation2a41.html]
[cdnjs.cloudflare.com/ajax/libs/slick-carousel/1.6.0/slick.js]
[mahaegram.co.in/GeneralPages/DistrictInformation2f9a.html]
[mahaegram.co.in/GeneralPages/DistrictInformationc83a.html]
[mahaegram.co.in/GeneralPages/DistrictInformation003f.html]
[mahaegram.co.in/GeneralPages/DistrictInformationa70d.html]
[mahaegram.co.in/GeneralPages/DistrictInformation0bce.html]
[mahaegram.co.in/GeneralPages/DistrictInformation3654.html]
[mahaegram.co.in/GeneralPages/DistrictInformation3ec1.html]
[mahaegram.co.in/GeneralPages/DistrictInformation70db.html]
[mahaegram.co.in/GeneralPages/DistrictInformation4979.html]
